>>> x = sqrt(25)
Traceback (most recent call last):
  File "<pyshell#34>", line 1, in <module>
    x = sqrt(25)
NameError: name 'sqrt' is not defined

>>> import math
>>> x= sqrt(25)
Traceback (most recent call last):
  File "<pyshell#36>", line 1, in <module>
    x= sqrt(25)
NameError: name 'sqrt' is not defined

>>> x= math.sqrt(25)
>>> x
5.0
>>> x= math.sqrt(15)
>>> x
3.872983346207417
>>> print(math.floor(2.9))
2
>>> print(math.ceil(2.9))
3
>>> 3 ** 2
9
>>> print(math.pow(3,2))
9.0
>>> print(math.pi)
3.141592653589793
>>> print(math.e)
2.718281828459045

>>> import math as m
>>> math.sqrt(25)
5.0
>>> m.sqrt(25)
5.0
